// Vitest Snapshot v1, https://vitest.dev/guide/snapshot.html

exports[`buildSnapshot — golden snapshot (VAL-001) > matches the golden snapshot of the fixture vault (deterministic: injected now) 1`] = `
{
  "activity": [
    {
      "body": "Claim written; executor spawned on renderer feature.",
      "scope": "global",
      "timestamp": "2026-01-15 10:00",
      "title": "executor → alpha-app/mission-one/FEAT-ONE-003",
      "type": "dispatch",
    },
    {
      "body": "Validator filed 2 findings; fix pass 1 of 2 queued.",
      "scope": "project:alpha-app",
      "timestamp": "2026-01-15 09:30",
      "title": "FEAT-ONE-002 validated_failed",
      "type": "mission",
    },
    {
      "body": "FEAT-ONE-001 validator report processed and merged.
This second body line must fold into the same entry.",
      "scope": "global",
      "timestamp": "2026-01-14 12:00",
      "title": "inbox drained (1 report)",
      "type": "sync",
    },
    {
      "body": "Report merged; feature closed.",
      "scope": "project:alpha-app",
      "timestamp": "2026-01-14 12:00",
      "title": "FEAT-ONE-001 validated_passed",
      "type": "sync",
    },
    {
      "body": "Scaffolded and promoted from queued.",
      "scope": "global",
      "timestamp": "2026-01-12 09:30",
      "title": "alpha-app/mission-one activated",
      "type": "mission",
    },
    {
      "body": "Imported without features.json; concluded from summary.",
      "scope": "project:legacy-tool",
      "timestamp": "2025-12-20 16:00",
      "title": "imported-mission complete",
      "type": "conclude",
    },
  ],
  "attention": [
    {
      "feature": "FEAT-ONE-005",
      "message": "FEAT-ONE-005 blocked — waiting on upstream API decision",
      "mission": "mission-one",
      "project": "alpha-app",
      "severity": "warn",
      "since": null,
      "type": "blocked_feature",
    },
    {
      "feature": "FEAT-ONE-002",
      "message": "inbox report 20260115-093000-alpha-app-mission-one-FEAT-ONE-002-executor.md waiting 40m — inbox not drained; run memory-sync",
      "mission": "mission-one",
      "project": "alpha-app",
      "severity": "info",
      "since": "2026-01-15T09:30:00.000Z",
      "type": "unprocessed_inbox",
    },
    {
      "feature": null,
      "message": "inbox/.failed/20260113-110000-legacy-tool-imported-mission-none-executor.md — report failed memory-sync processing; needs manual review",
      "mission": null,
      "project": null,
      "severity": "warn",
      "since": null,
      "type": "failed_inbox",
    },
    {
      "feature": null,
      "message": "mission mission-two queued — depends on mission-one",
      "mission": "mission-two",
      "project": "alpha-app",
      "severity": "info",
      "since": null,
      "type": "mission_blocked",
    },
  ],
  "generatedAt": "2026-01-15T10:10:00.000Z",
  "inbox": {
    "failedCount": 1,
    "unprocessed": [
      {
        "feature": "FEAT-ONE-002",
        "file": "20260115-093000-alpha-app-mission-one-FEAT-ONE-002-executor.md",
        "mission": "mission-one",
        "project": "alpha-app",
        "result": "implemented_with_findings",
        "role": "executor",
        "timestamp": "2026-01-15T09:30:00.000Z",
      },
    ],
    "unprocessedCount": 1,
  },
  "projects": [
    {
      "autonomy": {
        "diagnoseOnFailed": true,
        "maxCrashRetries": 1,
        "maxFixPasses": 2,
        "mode": "auto",
      },
      "defaultBranch": "main",
      "missions": [
        {
          "activated": "2026-01-12",
          "added": "2026-01-10",
          "blockedFeatures": {
            "FEAT-ONE-005": "waiting on upstream API decision",
          },
          "blockedReason": null,
          "branch": "mission/mission-one",
          "claim": {
            "ageMinutes": 10,
            "feature": "FEAT-ONE-003",
            "session": "fixture-session-1",
            "stale": false,
            "startedAt": "2026-01-15T10:00:00",
            "worker": "executor",
          },
          "concluded": null,
          "currentFeature": {
            "blockedReason": null,
            "crashRetries": 1,
            "failedAttempts": 0,
            "fixPasses": 0,
            "name": "FEAT-ONE-003",
            "status": "in-progress",
          },
          "dependsOn": [],
          "featureCounts": {
            "implemented": 1,
            "implementedWithFindings": 1,
            "inProgress": 1,
            "planned": 1,
            "ready": 1,
            "total": 7,
            "validatedFailed": 1,
            "validatedPassed": 1,
          },
          "features": [
            {
              "blockedReason": null,
              "crashRetries": 0,
              "failedAttempts": 0,
              "fixPasses": 0,
              "name": "FEAT-ONE-001",
              "status": "validated_passed",
            },
            {
              "blockedReason": null,
              "crashRetries": 0,
              "failedAttempts": 1,
              "fixPasses": 1,
              "name": "FEAT-ONE-002",
              "status": "validated_failed",
            },
            {
              "blockedReason": null,
              "crashRetries": 1,
              "failedAttempts": 0,
              "fixPasses": 0,
              "name": "FEAT-ONE-003",
              "status": "in-progress",
            },
            {
              "blockedReason": null,
              "crashRetries": 0,
              "failedAttempts": 0,
              "fixPasses": 0,
              "name": "FEAT-ONE-004",
              "status": "implemented",
            },
            {
              "blockedReason": "waiting on upstream API decision",
              "crashRetries": 0,
              "failedAttempts": 0,
              "fixPasses": 0,
              "name": "FEAT-ONE-005",
              "status": "implemented_with_findings",
            },
            {
              "blockedReason": null,
              "crashRetries": 0,
              "failedAttempts": 0,
              "fixPasses": 0,
              "name": "FEAT-ONE-006",
              "status": "ready",
            },
            {
              "blockedReason": null,
              "crashRetries": 0,
              "failedAttempts": 0,
              "fixPasses": 0,
              "name": "FEAT-ONE-007",
              "status": "planned",
            },
          ],
          "hasFeaturesFile": true,
          "nextAction": "validate FEAT-ONE-004 once the executor report lands",
          "planSource": "repo:docs/specs/mission-one/plan.md",
          "prUrl": null,
          "slug": "mission-one",
          "status": "active",
          "summary": null,
          "title": "Mission One — engine core",
        },
        {
          "activated": null,
          "added": "2026-01-14",
          "blockedFeatures": {},
          "blockedReason": "depends on mission-one",
          "branch": null,
          "claim": null,
          "concluded": null,
          "currentFeature": null,
          "dependsOn": [
            "mission-one",
          ],
          "featureCounts": null,
          "features": [],
          "hasFeaturesFile": false,
          "nextAction": null,
          "planSource": null,
          "prUrl": null,
          "slug": "mission-two",
          "status": "queued",
          "summary": null,
          "title": "Mission Two — follow-up polish",
        },
      ],
      "registryUpdated": "2026-01-15T10:05:00",
      "repoPath": "/tmp/fixture-repos/alpha-app",
      "slug": "alpha-app",
    },
    {
      "autonomy": {
        "diagnoseOnFailed": true,
        "maxCrashRetries": 1,
        "maxFixPasses": 2,
        "mode": "confirm",
      },
      "defaultBranch": "main",
      "missions": [
        {
          "activated": "2025-12-01",
          "added": "2025-12-01",
          "blockedFeatures": {},
          "blockedReason": null,
          "branch": null,
          "claim": null,
          "concluded": "2025-12-20",
          "currentFeature": null,
          "dependsOn": [],
          "featureCounts": null,
          "features": [],
          "hasFeaturesFile": false,
          "nextAction": null,
          "planSource": null,
          "prUrl": "https://github.com/example/legacy-tool/pull/7",
          "slug": "imported-mission",
          "status": "complete",
          "summary": "Imported legacy mission — no features.json; rendered from this summary alone.",
          "title": "Imported mission (no features.json)",
        },
      ],
      "registryUpdated": "2026-01-14T09:00:00",
      "repoPath": "/tmp/fixture-repos/legacy-tool",
      "slug": "legacy-tool",
    },
  ],
  "revision": 1,
  "vaultPath": "<vault>",
  "warnings": [],
}
`;
